29/11/2021 04:50:23 PM Database connection successful!
29/11/2021 04:50:23 PM Started server process [2447]
29/11/2021 04:50:23 PM Waiting for application startup.
29/11/2021 04:50:23 PM Application startup complete.
29/11/2021 04:50:50 PM 1064 (42000): You have an error in your SQL syntax; check the manual that corresponds to your MySQL server version for the right syntax to use near 'from books where id=5' at line 1 for query 'select from books where id=5'
29/11/2021 04:51:28 PM Shutting down
29/11/2021 04:51:28 PM Waiting for application shutdown.
29/11/2021 04:51:28 PM Application shutdown complete.
29/11/2021 04:51:28 PM Finished server process [2447]
29/11/2021 04:51:29 PM Database connection successful!
29/11/2021 04:51:29 PM Started server process [2628]
29/11/2021 04:51:29 PM Waiting for application startup.
29/11/2021 04:51:29 PM Application startup complete.
29/11/2021 04:52:57 PM Shutting down
29/11/2021 04:52:57 PM Waiting for application shutdown.
29/11/2021 04:52:57 PM Application shutdown complete.
29/11/2021 04:52:57 PM Finished server process [2628]
29/11/2021 04:52:58 PM Database connection successful!
29/11/2021 04:52:58 PM Started server process [2775]
29/11/2021 04:52:58 PM Waiting for application startup.
29/11/2021 04:52:58 PM Application startup complete.
29/11/2021 04:53:51 PM Shutting down
29/11/2021 04:53:51 PM Waiting for application shutdown.
29/11/2021 04:53:51 PM Application shutdown complete.
29/11/2021 04:53:51 PM Finished server process [2775]
29/11/2021 04:53:52 PM Database connection successful!
29/11/2021 04:53:52 PM Started server process [2878]
29/11/2021 04:53:52 PM Waiting for application startup.
29/11/2021 04:53:52 PM Application startup complete.
29/11/2021 04:55:04 PM Shutting down
29/11/2021 04:55:04 PM Waiting for application shutdown.
29/11/2021 04:55:04 PM Application shutdown complete.
29/11/2021 04:55:04 PM Finished server process [2878]
29/11/2021 04:55:05 PM Database connection successful!
29/11/2021 04:55:05 PM Started server process [2930]
29/11/2021 04:55:05 PM Waiting for application startup.
29/11/2021 04:55:05 PM Application startup complete.
29/11/2021 05:00:56 PM Shutting down
29/11/2021 05:00:56 PM Waiting for application shutdown.
29/11/2021 05:00:56 PM Application shutdown complete.
29/11/2021 05:00:56 PM Finished server process [2930]
29/11/2021 05:00:56 PM Database connection successful!
29/11/2021 05:00:56 PM Started server process [3138]
29/11/2021 05:00:56 PM Waiting for application startup.
29/11/2021 05:00:56 PM Application startup complete.
29/11/2021 05:01:07 PM Shutting down
29/11/2021 05:01:07 PM Waiting for application shutdown.
29/11/2021 05:01:07 PM Application shutdown complete.
29/11/2021 05:01:07 PM Finished server process [3138]
29/11/2021 05:01:08 PM Database connection successful!
29/11/2021 05:01:08 PM Started server process [3168]
29/11/2021 05:01:08 PM Waiting for application startup.
29/11/2021 05:01:08 PM Application startup complete.
29/11/2021 05:01:19 PM Shutting down
29/11/2021 05:01:19 PM Waiting for application shutdown.
29/11/2021 05:01:19 PM Application shutdown complete.
29/11/2021 05:01:19 PM Finished server process [3168]
29/11/2021 05:01:20 PM Database connection successful!
29/11/2021 05:01:20 PM Started server process [3200]
29/11/2021 05:01:20 PM Waiting for application startup.
29/11/2021 05:01:20 PM Application startup complete.
29/11/2021 05:04:45 PM Shutting down
29/11/2021 05:04:45 PM Waiting for application shutdown.
29/11/2021 05:04:45 PM Application shutdown complete.
29/11/2021 05:04:45 PM Finished server process [3200]
29/11/2021 05:08:07 PM Database connection successful!
29/11/2021 05:08:53 PM Database connection successful!
29/11/2021 05:10:06 PM Database connection successful!
29/11/2021 05:11:52 PM Database connection successful!
29/11/2021 05:12:13 PM Database connection successful!
29/11/2021 05:13:45 PM Database connection successful!
29/11/2021 05:21:12 PM Database connection successful!
29/11/2021 05:23:01 PM Database connection successful!
29/11/2021 05:23:01 PM Started server process [4316]
29/11/2021 05:23:01 PM Waiting for application startup.
29/11/2021 05:23:01 PM Application startup complete.
29/11/2021 05:23:51 PM Not all parameters were used in the SQL statement for query 'insert into books(id, author, title, image, quantity, price, description) values(?,?,?,?,?,?,?)' values '(766, 'Harsh', 'title', 'image', 10, 560.0, 'desc')'
29/11/2021 05:26:38 PM Shutting down
29/11/2021 05:26:38 PM Waiting for application shutdown.
29/11/2021 05:26:38 PM Application shutdown complete.
29/11/2021 05:26:38 PM Finished server process [4316]
29/11/2021 05:26:39 PM Database connection successful!
29/11/2021 05:26:39 PM Started server process [4457]
29/11/2021 05:26:39 PM Waiting for application startup.
29/11/2021 05:26:39 PM Application startup complete.
29/11/2021 05:26:58 PM Not all parameters were used in the SQL statement for query 'insert into books(id, author, title, image, quantity, price, description) values(?,?,?,?,?,?,?)' values '[766, 'Harsh', 'title', 'image', 10, 560.0, 'desc']'
29/11/2021 05:34:31 PM Shutting down
29/11/2021 05:34:31 PM Waiting for application shutdown.
29/11/2021 05:34:31 PM Application shutdown complete.
29/11/2021 05:34:31 PM Finished server process [4457]
29/11/2021 05:34:32 PM Database connection successful!
29/11/2021 05:34:32 PM Started server process [4731]
29/11/2021 05:34:32 PM Waiting for application startup.
29/11/2021 05:34:32 PM Application startup complete.
29/11/2021 05:34:39 PM Not all parameters were used in the SQL statement for query 'insert into books(`id`, `author`, `title`, `image`, `quantity`, `price`, `description`) values(?,?,?,?,?,?,?)' values '(766, 'Harsh', 'title', 'image', 10, 560.0, 'desc')'
29/11/2021 05:35:17 PM Shutting down
29/11/2021 05:35:17 PM Waiting for application shutdown.
29/11/2021 05:35:17 PM Application shutdown complete.
29/11/2021 05:35:17 PM Finished server process [4731]
29/11/2021 05:35:18 PM Database connection successful!
29/11/2021 05:35:18 PM Started server process [4802]
29/11/2021 05:35:18 PM Waiting for application startup.
29/11/2021 05:35:18 PM Application startup complete.
29/11/2021 05:35:24 PM Not all parameters were used in the SQL statement for query 'insert into books(`id`, `author`, `title`, `image`, `quantity`, `price`, `description`) values(?,?,?,?,?,?,?)' values '(766, 'Harsh', 'title', 'image', 10, 560.0, 'desc')'
29/11/2021 05:43:42 PM Shutting down
29/11/2021 05:43:42 PM Waiting for application shutdown.
29/11/2021 05:43:42 PM Application shutdown complete.
29/11/2021 05:43:42 PM Finished server process [4802]
29/11/2021 05:43:43 PM Database connection successful!
29/11/2021 05:43:43 PM Started server process [5195]
29/11/2021 05:43:43 PM Waiting for application startup.
29/11/2021 05:43:43 PM Application startup complete.
29/11/2021 05:51:37 PM Shutting down
29/11/2021 05:51:37 PM Waiting for application shutdown.
29/11/2021 05:51:37 PM Application shutdown complete.
29/11/2021 05:51:37 PM Finished server process [5195]
29/11/2021 05:51:38 PM Database connection successful!
29/11/2021 05:51:38 PM Started server process [5471]
29/11/2021 05:51:38 PM Waiting for application startup.
29/11/2021 05:51:38 PM Application startup complete.
29/11/2021 05:51:49 PM Shutting down
29/11/2021 05:51:49 PM Waiting for application shutdown.
29/11/2021 05:51:49 PM Application shutdown complete.
29/11/2021 05:51:49 PM Finished server process [5471]
29/11/2021 05:51:50 PM Database connection successful!
29/11/2021 05:51:50 PM Started server process [5493]
29/11/2021 05:51:50 PM Waiting for application startup.
29/11/2021 05:51:50 PM Application startup complete.
29/11/2021 05:58:10 PM Shutting down
29/11/2021 05:58:10 PM Waiting for application shutdown.
29/11/2021 05:58:10 PM Application shutdown complete.
29/11/2021 05:58:10 PM Finished server process [5493]
29/11/2021 05:58:11 PM Database connection successful!
29/11/2021 05:58:11 PM Started server process [5685]
29/11/2021 05:58:11 PM Waiting for application startup.
29/11/2021 05:58:11 PM Application startup complete.
29/11/2021 05:59:59 PM Shutting down
29/11/2021 05:59:59 PM Waiting for application shutdown.
29/11/2021 05:59:59 PM Application shutdown complete.
29/11/2021 05:59:59 PM Finished server process [5685]
29/11/2021 06:00:00 PM Database connection successful!
29/11/2021 06:00:00 PM Started server process [5749]
29/11/2021 06:00:00 PM Waiting for application startup.
29/11/2021 06:00:00 PM Application startup complete.
29/11/2021 06:02:29 PM Shutting down
29/11/2021 06:02:29 PM Waiting for application shutdown.
29/11/2021 06:02:29 PM Application shutdown complete.
29/11/2021 06:02:29 PM Finished server process [5749]
29/11/2021 06:02:30 PM Database connection successful!
29/11/2021 06:02:30 PM Started server process [6183]
29/11/2021 06:02:30 PM Waiting for application startup.
29/11/2021 06:02:30 PM Application startup complete.
30/11/2021 08:19:49 AM Shutting down
30/11/2021 08:19:49 AM Waiting for application shutdown.
30/11/2021 08:19:49 AM Application shutdown complete.
30/11/2021 08:19:49 AM Finished server process [6183]
30/11/2021 08:19:50 AM Database connection successful!
30/11/2021 08:19:50 AM Started server process [12766]
30/11/2021 08:19:50 AM Waiting for application startup.
30/11/2021 08:19:50 AM Application startup complete.
30/11/2021 08:22:19 AM Shutting down
30/11/2021 08:22:19 AM Waiting for application shutdown.
30/11/2021 08:22:19 AM Application shutdown complete.
30/11/2021 08:22:19 AM Finished server process [12766]
30/11/2021 08:22:20 AM Database connection successful!
30/11/2021 08:22:20 AM Started server process [12854]
30/11/2021 08:22:20 AM Waiting for application startup.
30/11/2021 08:22:20 AM Application startup complete.
30/11/2021 08:29:48 AM Shutting down
30/11/2021 08:29:48 AM Waiting for application shutdown.
30/11/2021 08:29:48 AM Application shutdown complete.
30/11/2021 08:29:48 AM Finished server process [12854]
30/11/2021 08:29:49 AM Database connection successful!
30/11/2021 08:29:49 AM Started server process [13176]
30/11/2021 08:29:49 AM Waiting for application startup.
30/11/2021 08:29:49 AM Application startup complete.
30/11/2021 08:30:05 AM Exception in ASGI application
Traceback (most recent call last):
  File "/home/harsh/PycharmProjects/fastapi/venv/lib/python3.6/site-packages/uvicorn/protocols/http/httptools_impl.py", line 375, in run_asgi
    result = await app(self.scope, self.receive, self.send)
  File "/home/harsh/PycharmProjects/fastapi/venv/lib/python3.6/site-packages/uvicorn/middleware/proxy_headers.py", line 75, in __call__
    return await self.app(scope, receive, send)
  File "/home/harsh/PycharmProjects/fastapi/venv/lib/python3.6/site-packages/fastapi/applications.py", line 208, in __call__
    await super().__call__(scope, receive, send)
  File "/home/harsh/PycharmProjects/fastapi/venv/lib/python3.6/site-packages/starlette/applications.py", line 112, in __call__
    await self.middleware_stack(scope, receive, send)
  File "/home/harsh/PycharmProjects/fastapi/venv/lib/python3.6/site-packages/starlette/middleware/errors.py", line 181, in __call__
    raise exc
  File "/home/harsh/PycharmProjects/fastapi/venv/lib/python3.6/site-packages/starlette/middleware/errors.py", line 159, in __call__
    await self.app(scope, receive, _send)
  File "/home/harsh/PycharmProjects/fastapi/venv/lib/python3.6/site-packages/starlette/exceptions.py", line 82, in __call__
    raise exc
  File "/home/harsh/PycharmProjects/fastapi/venv/lib/python3.6/site-packages/starlette/exceptions.py", line 71, in __call__
    await self.app(scope, receive, sender)
  File "/home/harsh/PycharmProjects/fastapi/venv/lib/python3.6/site-packages/starlette/routing.py", line 656, in __call__
    await route.handle(scope, receive, send)
  File "/home/harsh/PycharmProjects/fastapi/venv/lib/python3.6/site-packages/starlette/routing.py", line 259, in handle
    await self.app(scope, receive, send)
  File "/home/harsh/PycharmProjects/fastapi/venv/lib/python3.6/site-packages/starlette/routing.py", line 61, in app
    response = await func(request)
  File "/home/harsh/PycharmProjects/fastapi/venv/lib/python3.6/site-packages/fastapi/routing.py", line 227, in app
    dependant=dependant, values=values, is_coroutine=is_coroutine
  File "/home/harsh/PycharmProjects/fastapi/venv/lib/python3.6/site-packages/fastapi/routing.py", line 161, in run_endpoint_function
    return await run_in_threadpool(dependant.call, **values)
  File "/home/harsh/PycharmProjects/fastapi/venv/lib/python3.6/site-packages/starlette/concurrency.py", line 39, in run_in_threadpool
    return await anyio.to_thread.run_sync(func, *args)
  File "/home/harsh/PycharmProjects/fastapi/venv/lib/python3.6/site-packages/anyio/to_thread.py", line 29, in run_sync
    limiter=limiter)
  File "/home/harsh/PycharmProjects/fastapi/venv/lib/python3.6/site-packages/anyio/_backends/_asyncio.py", line 818, in run_sync_in_worker_thread
    return await future
  File "/home/harsh/PycharmProjects/fastapi/venv/lib/python3.6/site-packages/anyio/_backends/_asyncio.py", line 754, in run
    result = context.run(func, *args)
  File "/home/harsh/PycharmProjects/fastapi/venv/lib/python3.6/site-packages/contextvars/__init__.py", line 38, in run
    return callable(*args, **kwargs)
  File "/home/harsh/PycharmProjects/fastapi/venv/lib/python3.6/site-packages/contextvars/__init__.py", line 38, in run
    return callable(*args, **kwargs)
  File "./app.py", line 26, in read_book
    raise("exception")
TypeError: exceptions must derive from BaseException
30/11/2021 08:30:18 AM Exception in ASGI application
Traceback (most recent call last):
  File "/home/harsh/PycharmProjects/fastapi/venv/lib/python3.6/site-packages/uvicorn/protocols/http/httptools_impl.py", line 375, in run_asgi
    result = await app(self.scope, self.receive, self.send)
  File "/home/harsh/PycharmProjects/fastapi/venv/lib/python3.6/site-packages/uvicorn/middleware/proxy_headers.py", line 75, in __call__
    return await self.app(scope, receive, send)
  File "/home/harsh/PycharmProjects/fastapi/venv/lib/python3.6/site-packages/fastapi/applications.py", line 208, in __call__
    await super().__call__(scope, receive, send)
  File "/home/harsh/PycharmProjects/fastapi/venv/lib/python3.6/site-packages/starlette/applications.py", line 112, in __call__
    await self.middleware_stack(scope, receive, send)
  File "/home/harsh/PycharmProjects/fastapi/venv/lib/python3.6/site-packages/starlette/middleware/errors.py", line 181, in __call__
    raise exc
  File "/home/harsh/PycharmProjects/fastapi/venv/lib/python3.6/site-packages/starlette/middleware/errors.py", line 159, in __call__
    await self.app(scope, receive, _send)
  File "/home/harsh/PycharmProjects/fastapi/venv/lib/python3.6/site-packages/starlette/exceptions.py", line 82, in __call__
    raise exc
  File "/home/harsh/PycharmProjects/fastapi/venv/lib/python3.6/site-packages/starlette/exceptions.py", line 71, in __call__
    await self.app(scope, receive, sender)
  File "/home/harsh/PycharmProjects/fastapi/venv/lib/python3.6/site-packages/starlette/routing.py", line 656, in __call__
    await route.handle(scope, receive, send)
  File "/home/harsh/PycharmProjects/fastapi/venv/lib/python3.6/site-packages/starlette/routing.py", line 259, in handle
    await self.app(scope, receive, send)
  File "/home/harsh/PycharmProjects/fastapi/venv/lib/python3.6/site-packages/starlette/routing.py", line 61, in app
    response = await func(request)
  File "/home/harsh/PycharmProjects/fastapi/venv/lib/python3.6/site-packages/fastapi/routing.py", line 227, in app
    dependant=dependant, values=values, is_coroutine=is_coroutine
  File "/home/harsh/PycharmProjects/fastapi/venv/lib/python3.6/site-packages/fastapi/routing.py", line 161, in run_endpoint_function
    return await run_in_threadpool(dependant.call, **values)
  File "/home/harsh/PycharmProjects/fastapi/venv/lib/python3.6/site-packages/starlette/concurrency.py", line 39, in run_in_threadpool
    return await anyio.to_thread.run_sync(func, *args)
  File "/home/harsh/PycharmProjects/fastapi/venv/lib/python3.6/site-packages/anyio/to_thread.py", line 29, in run_sync
    limiter=limiter)
  File "/home/harsh/PycharmProjects/fastapi/venv/lib/python3.6/site-packages/anyio/_backends/_asyncio.py", line 818, in run_sync_in_worker_thread
    return await future
  File "/home/harsh/PycharmProjects/fastapi/venv/lib/python3.6/site-packages/anyio/_backends/_asyncio.py", line 754, in run
    result = context.run(func, *args)
  File "/home/harsh/PycharmProjects/fastapi/venv/lib/python3.6/site-packages/contextvars/__init__.py", line 38, in run
    return callable(*args, **kwargs)
  File "/home/harsh/PycharmProjects/fastapi/venv/lib/python3.6/site-packages/contextvars/__init__.py", line 38, in run
    return callable(*args, **kwargs)
  File "./app.py", line 26, in read_book
    raise("exception")
TypeError: exceptions must derive from BaseException
30/11/2021 08:30:37 AM Shutting down
30/11/2021 08:30:37 AM Waiting for application shutdown.
30/11/2021 08:30:37 AM Application shutdown complete.
30/11/2021 08:30:37 AM Finished server process [13176]
30/11/2021 08:30:38 AM Database connection successful!
30/11/2021 08:30:38 AM Started server process [13233]
30/11/2021 08:30:38 AM Waiting for application startup.
30/11/2021 08:30:38 AM Application startup complete.
30/11/2021 08:36:27 AM Shutting down
30/11/2021 08:36:27 AM Waiting for application shutdown.
30/11/2021 08:36:27 AM Application shutdown complete.
30/11/2021 08:36:27 AM Finished server process [13233]
30/11/2021 08:36:28 AM Database connection successful!
30/11/2021 08:36:28 AM Started server process [13500]
30/11/2021 08:36:28 AM Waiting for application startup.
30/11/2021 08:36:28 AM Application startup complete.
30/11/2021 08:48:18 AM Shutting down
30/11/2021 08:48:18 AM Waiting for application shutdown.
30/11/2021 08:48:18 AM Application shutdown complete.
30/11/2021 08:48:18 AM Finished server process [13500]
30/11/2021 08:48:18 AM Database connection successful!
30/11/2021 08:48:18 AM Started server process [13985]
30/11/2021 08:48:18 AM Waiting for application startup.
30/11/2021 08:48:18 AM Application startup complete.
30/11/2021 08:48:35 AM Shutting down
30/11/2021 08:48:35 AM Waiting for application shutdown.
30/11/2021 08:48:35 AM Application shutdown complete.
30/11/2021 08:48:35 AM Finished server process [13985]
30/11/2021 08:48:36 AM Database connection successful!
30/11/2021 08:48:36 AM Started server process [14053]
30/11/2021 08:48:36 AM Waiting for application startup.
30/11/2021 08:48:36 AM Application startup complete.
30/11/2021 08:48:44 AM Shutting down
30/11/2021 08:48:44 AM Waiting for application shutdown.
30/11/2021 08:48:44 AM Application shutdown complete.
30/11/2021 08:48:44 AM Finished server process [14053]
30/11/2021 08:48:45 AM Database connection successful!
30/11/2021 08:48:45 AM Started server process [14077]
30/11/2021 08:48:45 AM Waiting for application startup.
30/11/2021 08:48:45 AM Application startup complete.
30/11/2021 08:50:59 AM Shutting down
30/11/2021 08:51:00 AM Waiting for application shutdown.
30/11/2021 08:51:00 AM Application shutdown complete.
30/11/2021 08:51:00 AM Finished server process [14077]
30/11/2021 08:51:00 AM Database connection successful!
30/11/2021 08:51:00 AM Started server process [14235]
30/11/2021 08:51:00 AM Waiting for application startup.
30/11/2021 08:51:00 AM Application startup complete.
30/11/2021 08:51:14 AM Calling on_part_begin with no data
30/11/2021 08:51:14 AM Calling on_header_field with data[42:61]
30/11/2021 08:51:14 AM Calling on_header_value with data[63:106]
30/11/2021 08:51:14 AM Calling on_header_end with no data
30/11/2021 08:51:14 AM Calling on_header_field with data[108:120]
30/11/2021 08:51:14 AM Calling on_header_value with data[122:130]
30/11/2021 08:51:14 AM Calling on_header_end with no data
30/11/2021 08:51:14 AM Calling on_headers_finished with no data
30/11/2021 08:51:14 AM Calling on_part_data with data[134:38808]
30/11/2021 08:51:14 AM Calling on_part_end with no data
30/11/2021 08:51:14 AM Calling on_end with no data
30/11/2021 08:51:43 AM Shutting down
30/11/2021 08:51:43 AM Waiting for application shutdown.
30/11/2021 08:51:43 AM Application shutdown complete.
30/11/2021 08:51:43 AM Finished server process [14235]
30/11/2021 08:51:44 AM Database connection successful!
30/11/2021 08:51:44 AM Started server process [14357]
30/11/2021 08:51:44 AM Waiting for application startup.
30/11/2021 08:51:44 AM Application startup complete.
30/11/2021 08:52:20 AM Calling on_part_begin with no data
30/11/2021 08:52:20 AM Calling on_header_field with data[42:61]
30/11/2021 08:52:20 AM Calling on_header_value with data[63:106]
30/11/2021 08:52:20 AM Calling on_header_end with no data
30/11/2021 08:52:20 AM Calling on_header_field with data[108:120]
30/11/2021 08:52:20 AM Calling on_header_value with data[122:130]
30/11/2021 08:52:20 AM Calling on_header_end with no data
30/11/2021 08:52:20 AM Calling on_headers_finished with no data
30/11/2021 08:52:20 AM Calling on_part_data with data[134:38808]
30/11/2021 08:52:20 AM Calling on_part_end with no data
30/11/2021 08:52:20 AM Calling on_end with no data
30/11/2021 09:07:27 AM Shutting down
30/11/2021 09:07:27 AM Waiting for application shutdown.
30/11/2021 09:07:27 AM Application shutdown complete.
30/11/2021 09:07:27 AM Finished server process [14357]
30/11/2021 09:07:28 AM Database connection successful!
30/11/2021 09:07:28 AM Started server process [15548]
30/11/2021 09:07:28 AM Waiting for application startup.
30/11/2021 09:07:28 AM Application startup complete.
30/11/2021 09:08:03 AM Calling on_part_begin with no data
30/11/2021 09:08:03 AM Calling on_header_field with data[42:61]
30/11/2021 09:08:03 AM Calling on_header_value with data[63:106]
30/11/2021 09:08:03 AM Calling on_header_end with no data
30/11/2021 09:08:03 AM Calling on_header_field with data[108:120]
30/11/2021 09:08:03 AM Calling on_header_value with data[122:130]
30/11/2021 09:08:03 AM Calling on_header_end with no data
30/11/2021 09:08:03 AM Calling on_headers_finished with no data
30/11/2021 09:08:03 AM Calling on_part_data with data[134:38808]
30/11/2021 09:08:03 AM Calling on_part_end with no data
30/11/2021 09:08:03 AM Calling on_end with no data
30/11/2021 09:09:11 AM Shutting down
30/11/2021 09:09:11 AM Waiting for application shutdown.
30/11/2021 09:09:11 AM Application shutdown complete.
30/11/2021 09:09:11 AM Finished server process [15548]
30/11/2021 09:09:55 AM Database connection successful!
30/11/2021 09:09:55 AM Started server process [15674]
30/11/2021 09:09:55 AM Waiting for application startup.
30/11/2021 09:09:55 AM Application startup complete.
30/11/2021 09:10:02 AM Calling on_part_begin with no data
30/11/2021 09:10:02 AM Calling on_header_field with data[42:61]
30/11/2021 09:10:02 AM Calling on_header_value with data[63:106]
30/11/2021 09:10:02 AM Calling on_header_end with no data
30/11/2021 09:10:02 AM Calling on_header_field with data[108:120]
30/11/2021 09:10:02 AM Calling on_header_value with data[122:130]
30/11/2021 09:10:02 AM Calling on_header_end with no data
30/11/2021 09:10:02 AM Calling on_headers_finished with no data
30/11/2021 09:10:02 AM Calling on_part_data with data[134:38808]
30/11/2021 09:10:02 AM Calling on_part_end with no data
30/11/2021 09:10:02 AM Calling on_end with no data
30/11/2021 09:10:02 AM Exception in ASGI application
Traceback (most recent call last):
  File "/home/harsh/PycharmProjects/fastapi/venv/lib/python3.6/site-packages/fastapi/encoders.py", line 137, in jsonable_encoder
    data = dict(obj)
TypeError: 'coroutine' object is not iterable

During handling of the above exception, another exception occurred:

Traceback (most recent call last):
  File "/home/harsh/PycharmProjects/fastapi/venv/lib/python3.6/site-packages/fastapi/encoders.py", line 141, in jsonable_encoder
    data = vars(obj)
TypeError: vars() argument must have __dict__ attribute

During handling of the above exception, another exception occurred:

Traceback (most recent call last):
  File "/home/harsh/PycharmProjects/fastapi/venv/lib/python3.6/site-packages/uvicorn/protocols/http/httptools_impl.py", line 375, in run_asgi
    result = await app(self.scope, self.receive, self.send)
  File "/home/harsh/PycharmProjects/fastapi/venv/lib/python3.6/site-packages/uvicorn/middleware/proxy_headers.py", line 75, in __call__
    return await self.app(scope, receive, send)
  File "/home/harsh/PycharmProjects/fastapi/venv/lib/python3.6/site-packages/fastapi/applications.py", line 208, in __call__
    await super().__call__(scope, receive, send)
  File "/home/harsh/PycharmProjects/fastapi/venv/lib/python3.6/site-packages/starlette/applications.py", line 112, in __call__
    await self.middleware_stack(scope, receive, send)
  File "/home/harsh/PycharmProjects/fastapi/venv/lib/python3.6/site-packages/starlette/middleware/errors.py", line 181, in __call__
    raise exc
  File "/home/harsh/PycharmProjects/fastapi/venv/lib/python3.6/site-packages/starlette/middleware/errors.py", line 159, in __call__
    await self.app(scope, receive, _send)
  File "/home/harsh/PycharmProjects/fastapi/venv/lib/python3.6/site-packages/starlette/exceptions.py", line 82, in __call__
    raise exc
  File "/home/harsh/PycharmProjects/fastapi/venv/lib/python3.6/site-packages/starlette/exceptions.py", line 71, in __call__
    await self.app(scope, receive, sender)
  File "/home/harsh/PycharmProjects/fastapi/venv/lib/python3.6/site-packages/starlette/routing.py", line 656, in __call__
    await route.handle(scope, receive, send)
  File "/home/harsh/PycharmProjects/fastapi/venv/lib/python3.6/site-packages/starlette/routing.py", line 259, in handle
    await self.app(scope, receive, send)
  File "/home/harsh/PycharmProjects/fastapi/venv/lib/python3.6/site-packages/starlette/routing.py", line 61, in app
    response = await func(request)
  File "/home/harsh/PycharmProjects/fastapi/venv/lib/python3.6/site-packages/fastapi/routing.py", line 243, in app
    is_coroutine=is_coroutine,
  File "/home/harsh/PycharmProjects/fastapi/venv/lib/python3.6/site-packages/fastapi/routing.py", line 148, in serialize_response
    return jsonable_encoder(response_content)
  File "/home/harsh/PycharmProjects/fastapi/venv/lib/python3.6/site-packages/fastapi/encoders.py", line 99, in jsonable_encoder
    sqlalchemy_safe=sqlalchemy_safe,
  File "/home/harsh/PycharmProjects/fastapi/venv/lib/python3.6/site-packages/fastapi/encoders.py", line 144, in jsonable_encoder
    raise ValueError(errors)
ValueError: [TypeError("'coroutine' object is not iterable",), TypeError('vars() argument must have __dict__ attribute',)]
30/11/2021 09:10:26 AM Shutting down
30/11/2021 09:10:26 AM Waiting for application shutdown.
30/11/2021 09:10:26 AM Application shutdown complete.
30/11/2021 09:10:26 AM Finished server process [15674]
30/11/2021 09:10:27 AM Database connection successful!
30/11/2021 09:10:27 AM Started server process [15711]
30/11/2021 09:10:27 AM Waiting for application startup.
30/11/2021 09:10:27 AM Application startup complete.
30/11/2021 09:11:11 AM Shutting down
30/11/2021 09:11:11 AM Waiting for application shutdown.
30/11/2021 09:11:11 AM Application shutdown complete.
30/11/2021 09:11:11 AM Finished server process [15711]
30/11/2021 09:11:12 AM Database connection successful!
30/11/2021 09:11:12 AM Started server process [15858]
30/11/2021 09:11:12 AM Waiting for application startup.
30/11/2021 09:11:12 AM Application startup complete.
30/11/2021 09:11:18 AM Shutting down
30/11/2021 09:11:19 AM Waiting for application shutdown.
30/11/2021 09:11:19 AM Application shutdown complete.
30/11/2021 09:11:19 AM Finished server process [15858]
30/11/2021 09:11:19 AM Database connection successful!
30/11/2021 09:11:19 AM Started server process [15874]
30/11/2021 09:11:19 AM Waiting for application startup.
30/11/2021 09:11:19 AM Application startup complete.
30/11/2021 09:11:48 AM Calling on_part_begin with no data
30/11/2021 09:11:48 AM Calling on_header_field with data[42:61]
30/11/2021 09:11:48 AM Calling on_header_value with data[63:106]
30/11/2021 09:11:48 AM Calling on_header_end with no data
30/11/2021 09:11:48 AM Calling on_header_field with data[108:120]
30/11/2021 09:11:48 AM Calling on_header_value with data[122:130]
30/11/2021 09:11:48 AM Calling on_header_end with no data
30/11/2021 09:11:48 AM Calling on_headers_finished with no data
30/11/2021 09:11:48 AM Calling on_part_data with data[134:38808]
30/11/2021 09:11:48 AM Calling on_part_end with no data
30/11/2021 09:11:48 AM Calling on_end with no data
30/11/2021 09:11:48 AM Exception in ASGI application
Traceback (most recent call last):
  File "/home/harsh/PycharmProjects/fastapi/venv/lib/python3.6/site-packages/uvicorn/protocols/http/httptools_impl.py", line 375, in run_asgi
    result = await app(self.scope, self.receive, self.send)
  File "/home/harsh/PycharmProjects/fastapi/venv/lib/python3.6/site-packages/uvicorn/middleware/proxy_headers.py", line 75, in __call__
    return await self.app(scope, receive, send)
  File "/home/harsh/PycharmProjects/fastapi/venv/lib/python3.6/site-packages/fastapi/applications.py", line 208, in __call__
    await super().__call__(scope, receive, send)
  File "/home/harsh/PycharmProjects/fastapi/venv/lib/python3.6/site-packages/starlette/applications.py", line 112, in __call__
    await self.middleware_stack(scope, receive, send)
  File "/home/harsh/PycharmProjects/fastapi/venv/lib/python3.6/site-packages/starlette/middleware/errors.py", line 181, in __call__
    raise exc
  File "/home/harsh/PycharmProjects/fastapi/venv/lib/python3.6/site-packages/starlette/middleware/errors.py", line 159, in __call__
    await self.app(scope, receive, _send)
  File "/home/harsh/PycharmProjects/fastapi/venv/lib/python3.6/site-packages/starlette/exceptions.py", line 82, in __call__
    raise exc
  File "/home/harsh/PycharmProjects/fastapi/venv/lib/python3.6/site-packages/starlette/exceptions.py", line 71, in __call__
    await self.app(scope, receive, sender)
  File "/home/harsh/PycharmProjects/fastapi/venv/lib/python3.6/site-packages/starlette/routing.py", line 656, in __call__
    await route.handle(scope, receive, send)
  File "/home/harsh/PycharmProjects/fastapi/venv/lib/python3.6/site-packages/starlette/routing.py", line 259, in handle
    await self.app(scope, receive, send)
  File "/home/harsh/PycharmProjects/fastapi/venv/lib/python3.6/site-packages/starlette/routing.py", line 61, in app
    response = await func(request)
  File "/home/harsh/PycharmProjects/fastapi/venv/lib/python3.6/site-packages/fastapi/routing.py", line 227, in app
    dependant=dependant, values=values, is_coroutine=is_coroutine
  File "/home/harsh/PycharmProjects/fastapi/venv/lib/python3.6/site-packages/fastapi/routing.py", line 159, in run_endpoint_function
    return await dependant.call(**values)
  File "./app.py", line 50, in create_upload_file
    df = pd.read_csv(contents)
  File "/home/harsh/PycharmProjects/fastapi/venv/lib/python3.6/site-packages/pandas/io/parsers.py", line 688, in read_csv
    return _read(filepath_or_buffer, kwds)
  File "/home/harsh/PycharmProjects/fastapi/venv/lib/python3.6/site-packages/pandas/io/parsers.py", line 437, in _read
    filepath_or_buffer, encoding, compression
  File "/home/harsh/PycharmProjects/fastapi/venv/lib/python3.6/site-packages/pandas/io/common.py", line 243, in get_filepath_or_buffer
    raise ValueError(msg)
ValueError: Invalid file path or buffer object type: <class 'coroutine'>
30/11/2021 09:13:10 AM Shutting down
30/11/2021 09:13:10 AM Waiting for application shutdown.
30/11/2021 09:13:10 AM Application shutdown complete.
30/11/2021 09:13:10 AM Finished server process [15874]
30/11/2021 09:13:11 AM Database connection successful!
30/11/2021 09:13:11 AM Started server process [16050]
30/11/2021 09:13:11 AM Waiting for application startup.
30/11/2021 09:13:11 AM Application startup complete.
30/11/2021 09:13:32 AM Shutting down
30/11/2021 09:13:32 AM Waiting for application shutdown.
30/11/2021 09:13:32 AM Application shutdown complete.
30/11/2021 09:13:32 AM Finished server process [16050]
30/11/2021 09:13:54 AM Database connection successful!
30/11/2021 09:13:54 AM Started server process [16106]
30/11/2021 09:13:54 AM Waiting for application startup.
30/11/2021 09:13:54 AM Application startup complete.
30/11/2021 09:13:59 AM Shutting down
30/11/2021 09:13:59 AM Waiting for application shutdown.
30/11/2021 09:13:59 AM Application shutdown complete.
30/11/2021 09:13:59 AM Finished server process [16106]
30/11/2021 09:13:59 AM Database connection successful!
30/11/2021 09:13:59 AM Started server process [16127]
30/11/2021 09:13:59 AM Waiting for application startup.
30/11/2021 09:13:59 AM Application startup complete.
30/11/2021 09:14:11 AM Shutting down
30/11/2021 09:14:11 AM Waiting for application shutdown.
30/11/2021 09:14:11 AM Application shutdown complete.
30/11/2021 09:14:11 AM Finished server process [16127]
30/11/2021 09:14:12 AM Database connection successful!
30/11/2021 09:14:12 AM Started server process [16144]
30/11/2021 09:14:12 AM Waiting for application startup.
30/11/2021 09:14:12 AM Application startup complete.
30/11/2021 09:14:25 AM Calling on_part_begin with no data
30/11/2021 09:14:25 AM Calling on_header_field with data[42:61]
30/11/2021 09:14:25 AM Calling on_header_value with data[63:106]
30/11/2021 09:14:25 AM Calling on_header_end with no data
30/11/2021 09:14:25 AM Calling on_header_field with data[108:120]
30/11/2021 09:14:25 AM Calling on_header_value with data[122:130]
30/11/2021 09:14:25 AM Calling on_header_end with no data
30/11/2021 09:14:25 AM Calling on_headers_finished with no data
30/11/2021 09:14:25 AM Calling on_part_data with data[134:38808]
30/11/2021 09:14:25 AM Calling on_part_end with no data
30/11/2021 09:14:25 AM Calling on_end with no data
30/11/2021 09:14:53 AM Shutting down
30/11/2021 09:14:53 AM Waiting for application shutdown.
30/11/2021 09:14:53 AM Application shutdown complete.
30/11/2021 09:14:53 AM Finished server process [16144]
30/11/2021 09:14:54 AM Database connection successful!
30/11/2021 09:14:54 AM Started server process [16187]
30/11/2021 09:14:54 AM Waiting for application startup.
30/11/2021 09:14:54 AM Application startup complete.
30/11/2021 09:15:01 AM Calling on_part_begin with no data
30/11/2021 09:15:01 AM Calling on_header_field with data[42:61]
30/11/2021 09:15:01 AM Calling on_header_value with data[63:106]
30/11/2021 09:15:01 AM Calling on_header_end with no data
30/11/2021 09:15:01 AM Calling on_header_field with data[108:120]
30/11/2021 09:15:01 AM Calling on_header_value with data[122:130]
30/11/2021 09:15:01 AM Calling on_header_end with no data
30/11/2021 09:15:01 AM Calling on_headers_finished with no data
30/11/2021 09:15:01 AM Calling on_part_data with data[134:32768]
30/11/2021 09:15:01 AM Calling on_part_data with data[0:6040]
30/11/2021 09:15:01 AM Calling on_part_end with no data
30/11/2021 09:15:01 AM Calling on_end with no data
30/11/2021 09:15:01 AM Exception in ASGI application
Traceback (most recent call last):
  File "/home/harsh/PycharmProjects/fastapi/venv/lib/python3.6/site-packages/uvicorn/protocols/http/httptools_impl.py", line 375, in run_asgi
    result = await app(self.scope, self.receive, self.send)
  File "/home/harsh/PycharmProjects/fastapi/venv/lib/python3.6/site-packages/uvicorn/middleware/proxy_headers.py", line 75, in __call__
    return await self.app(scope, receive, send)
  File "/home/harsh/PycharmProjects/fastapi/venv/lib/python3.6/site-packages/fastapi/applications.py", line 208, in __call__
    await super().__call__(scope, receive, send)
  File "/home/harsh/PycharmProjects/fastapi/venv/lib/python3.6/site-packages/starlette/applications.py", line 112, in __call__
    await self.middleware_stack(scope, receive, send)
  File "/home/harsh/PycharmProjects/fastapi/venv/lib/python3.6/site-packages/starlette/middleware/errors.py", line 181, in __call__
    raise exc
  File "/home/harsh/PycharmProjects/fastapi/venv/lib/python3.6/site-packages/starlette/middleware/errors.py", line 159, in __call__
    await self.app(scope, receive, _send)
  File "/home/harsh/PycharmProjects/fastapi/venv/lib/python3.6/site-packages/starlette/exceptions.py", line 82, in __call__
    raise exc
  File "/home/harsh/PycharmProjects/fastapi/venv/lib/python3.6/site-packages/starlette/exceptions.py", line 71, in __call__
    await self.app(scope, receive, sender)
  File "/home/harsh/PycharmProjects/fastapi/venv/lib/python3.6/site-packages/starlette/routing.py", line 656, in __call__
    await route.handle(scope, receive, send)
  File "/home/harsh/PycharmProjects/fastapi/venv/lib/python3.6/site-packages/starlette/routing.py", line 259, in handle
    await self.app(scope, receive, send)
  File "/home/harsh/PycharmProjects/fastapi/venv/lib/python3.6/site-packages/starlette/routing.py", line 61, in app
    response = await func(request)
  File "/home/harsh/PycharmProjects/fastapi/venv/lib/python3.6/site-packages/fastapi/routing.py", line 227, in app
    dependant=dependant, values=values, is_coroutine=is_coroutine
  File "/home/harsh/PycharmProjects/fastapi/venv/lib/python3.6/site-packages/fastapi/routing.py", line 159, in run_endpoint_function
    return await dependant.call(**values)
  File "./app.py", line 54, in create_upload_file
    df = to_df(file)
  File "./app.py", line 19, in to_df
    return pd.read_csv(StringIO(str(file.read(), 'utf-16')), encoding='utf-16')
TypeError: decoding to str: need a bytes-like object, coroutine found
30/11/2021 09:16:09 AM Shutting down
30/11/2021 09:16:09 AM Waiting for application shutdown.
30/11/2021 09:16:09 AM Application shutdown complete.
30/11/2021 09:16:09 AM Finished server process [16187]
30/11/2021 09:16:10 AM Database connection successful!
30/11/2021 09:16:10 AM Started server process [16272]
30/11/2021 09:16:10 AM Waiting for application startup.
30/11/2021 09:16:10 AM Application startup complete.
30/11/2021 09:16:22 AM Calling on_part_begin with no data
30/11/2021 09:16:22 AM Calling on_header_field with data[42:61]
30/11/2021 09:16:22 AM Calling on_header_value with data[63:106]
30/11/2021 09:16:22 AM Calling on_header_end with no data
30/11/2021 09:16:22 AM Calling on_header_field with data[108:120]
30/11/2021 09:16:22 AM Calling on_header_value with data[122:130]
30/11/2021 09:16:22 AM Calling on_header_end with no data
30/11/2021 09:16:22 AM Calling on_headers_finished with no data
30/11/2021 09:16:22 AM Calling on_part_data with data[134:38808]
30/11/2021 09:16:22 AM Calling on_part_end with no data
30/11/2021 09:16:22 AM Calling on_end with no data
30/11/2021 09:25:03 AM Shutting down
30/11/2021 09:25:04 AM Waiting for application shutdown.
30/11/2021 09:25:04 AM Application shutdown complete.
30/11/2021 09:25:04 AM Finished server process [16272]
30/11/2021 09:25:04 AM Database connection successful!
30/11/2021 09:25:04 AM Started server process [16544]
30/11/2021 09:25:04 AM Waiting for application startup.
30/11/2021 09:25:04 AM Application startup complete.
30/11/2021 09:26:32 AM Shutting down
30/11/2021 09:26:32 AM Waiting for application shutdown.
30/11/2021 09:26:32 AM Application shutdown complete.
30/11/2021 09:26:32 AM Finished server process [16544]
30/11/2021 09:26:33 AM Database connection successful!
30/11/2021 09:26:33 AM Started server process [16610]
30/11/2021 09:26:33 AM Waiting for application startup.
30/11/2021 09:26:33 AM Application startup complete.
30/11/2021 09:26:44 AM Shutting down
30/11/2021 09:26:44 AM Waiting for application shutdown.
30/11/2021 09:26:44 AM Application shutdown complete.
30/11/2021 09:26:44 AM Finished server process [16610]
30/11/2021 09:26:45 AM Database connection successful!
30/11/2021 09:26:45 AM Started server process [16628]
30/11/2021 09:26:45 AM Waiting for application startup.
30/11/2021 09:26:45 AM Application startup complete.
30/11/2021 09:27:25 AM Shutting down
30/11/2021 09:27:25 AM Waiting for application shutdown.
30/11/2021 09:27:25 AM Application shutdown complete.
30/11/2021 09:27:25 AM Finished server process [16628]
30/11/2021 09:27:25 AM Database connection successful!
30/11/2021 09:27:25 AM Started server process [16714]
30/11/2021 09:27:25 AM Waiting for application startup.
30/11/2021 09:27:25 AM Application startup complete.
30/11/2021 09:29:12 AM Shutting down
30/11/2021 09:29:12 AM Waiting for application shutdown.
30/11/2021 09:29:12 AM Application shutdown complete.
30/11/2021 09:29:12 AM Finished server process [16714]
30/11/2021 09:29:13 AM Database connection successful!
30/11/2021 09:29:13 AM Started server process [16787]
30/11/2021 09:29:13 AM Waiting for application startup.
30/11/2021 09:29:13 AM Application startup complete.
30/11/2021 09:30:16 AM Shutting down
30/11/2021 09:30:16 AM Waiting for application shutdown.
30/11/2021 09:30:16 AM Application shutdown complete.
30/11/2021 09:30:16 AM Finished server process [16787]
30/11/2021 09:30:17 AM Database connection successful!
30/11/2021 09:30:17 AM Started server process [16833]
30/11/2021 09:30:17 AM Waiting for application startup.
30/11/2021 09:30:17 AM Application startup complete.
30/11/2021 09:30:24 AM Shutting down
30/11/2021 09:30:24 AM Waiting for application shutdown.
30/11/2021 09:30:24 AM Application shutdown complete.
30/11/2021 09:30:24 AM Finished server process [16833]
30/11/2021 09:30:25 AM Database connection successful!
30/11/2021 09:30:25 AM Started server process [16853]
30/11/2021 09:30:25 AM Waiting for application startup.
30/11/2021 09:30:25 AM Application startup complete.
30/11/2021 09:30:41 AM Calling on_part_begin with no data
30/11/2021 09:30:41 AM Calling on_header_field with data[42:61]
30/11/2021 09:30:41 AM Calling on_header_value with data[63:106]
30/11/2021 09:30:41 AM Calling on_header_end with no data
30/11/2021 09:30:41 AM Calling on_header_field with data[108:120]
30/11/2021 09:30:41 AM Calling on_header_value with data[122:130]
30/11/2021 09:30:41 AM Calling on_header_end with no data
30/11/2021 09:30:41 AM Calling on_headers_finished with no data
30/11/2021 09:30:41 AM Calling on_part_data with data[134:38808]
30/11/2021 09:30:41 AM Calling on_part_end with no data
30/11/2021 09:30:41 AM Calling on_end with no data
30/11/2021 09:30:41 AM None
30/11/2021 09:34:36 AM Shutting down
30/11/2021 09:34:36 AM Waiting for application shutdown.
30/11/2021 09:34:36 AM Application shutdown complete.
30/11/2021 09:34:36 AM Finished server process [16853]
30/11/2021 09:34:37 AM Database connection successful!
30/11/2021 09:34:37 AM Started server process [17029]
30/11/2021 09:34:37 AM Waiting for application startup.
30/11/2021 09:34:37 AM Application startup complete.
30/11/2021 09:35:01 AM Shutting down
30/11/2021 09:35:02 AM Waiting for application shutdown.
30/11/2021 09:35:02 AM Application shutdown complete.
30/11/2021 09:35:02 AM Finished server process [17029]
30/11/2021 09:35:02 AM Database connection successful!
30/11/2021 09:35:02 AM Started server process [17057]
30/11/2021 09:35:02 AM Waiting for application startup.
30/11/2021 09:35:02 AM Application startup complete.
30/11/2021 09:35:26 AM Calling on_part_begin with no data
30/11/2021 09:35:26 AM Calling on_header_field with data[42:61]
30/11/2021 09:35:26 AM Calling on_header_value with data[63:106]
30/11/2021 09:35:26 AM Calling on_header_end with no data
30/11/2021 09:35:26 AM Calling on_header_field with data[108:120]
30/11/2021 09:35:26 AM Calling on_header_value with data[122:130]
30/11/2021 09:35:26 AM Calling on_header_end with no data
30/11/2021 09:35:26 AM Calling on_headers_finished with no data
30/11/2021 09:35:26 AM Calling on_part_data with data[134:32768]
30/11/2021 09:35:26 AM Calling on_part_data with data[0:6040]
30/11/2021 09:35:26 AM Calling on_part_end with no data
30/11/2021 09:35:26 AM Calling on_end with no data
30/11/2021 09:35:26 AM None
30/11/2021 09:35:26 AM 1366 (HY000): Incorrect integer value: 'NULL' for column 'quantity' at row 1 for query 'insert into books(author,title,image,quantity,price,description) values(%s,%s,%s,%s,%s,%s)' values '('chetan bhagat', 'aaaa', 'sdfsdf', 'NULL', 'NULL', 'NULL')'
30/11/2021 09:35:26 AM Exception in ASGI application
Traceback (most recent call last):
  File "/home/harsh/PycharmProjects/fastapi/venv/lib/python3.6/site-packages/mysql/connector/connection_cext.py", line 520, in cmd_query
    query_attrs=self._query_attrs)
_mysql_connector.MySQLInterfaceError: Incorrect integer value: 'NULL' for column 'quantity' at row 1

During handling of the above exception, another exception occurred:

Traceback (most recent call last):
  File "/home/harsh/PycharmProjects/fastapi/venv/lib/python3.6/site-packages/uvicorn/protocols/http/httptools_impl.py", line 375, in run_asgi
    result = await app(self.scope, self.receive, self.send)
  File "/home/harsh/PycharmProjects/fastapi/venv/lib/python3.6/site-packages/uvicorn/middleware/proxy_headers.py", line 75, in __call__
    return await self.app(scope, receive, send)
  File "/home/harsh/PycharmProjects/fastapi/venv/lib/python3.6/site-packages/fastapi/applications.py", line 208, in __call__
    await super().__call__(scope, receive, send)
  File "/home/harsh/PycharmProjects/fastapi/venv/lib/python3.6/site-packages/starlette/applications.py", line 112, in __call__
    await self.middleware_stack(scope, receive, send)
  File "/home/harsh/PycharmProjects/fastapi/venv/lib/python3.6/site-packages/starlette/middleware/errors.py", line 181, in __call__
    raise exc
  File "/home/harsh/PycharmProjects/fastapi/venv/lib/python3.6/site-packages/starlette/middleware/errors.py", line 159, in __call__
    await self.app(scope, receive, _send)
  File "/home/harsh/PycharmProjects/fastapi/venv/lib/python3.6/site-packages/starlette/exceptions.py", line 82, in __call__
    raise exc
  File "/home/harsh/PycharmProjects/fastapi/venv/lib/python3.6/site-packages/starlette/exceptions.py", line 71, in __call__
    await self.app(scope, receive, sender)
  File "/home/harsh/PycharmProjects/fastapi/venv/lib/python3.6/site-packages/starlette/routing.py", line 656, in __call__
    await route.handle(scope, receive, send)
  File "/home/harsh/PycharmProjects/fastapi/venv/lib/python3.6/site-packages/starlette/routing.py", line 259, in handle
    await self.app(scope, receive, send)
  File "/home/harsh/PycharmProjects/fastapi/venv/lib/python3.6/site-packages/starlette/routing.py", line 61, in app
    response = await func(request)
  File "/home/harsh/PycharmProjects/fastapi/venv/lib/python3.6/site-packages/fastapi/routing.py", line 227, in app
    dependant=dependant, values=values, is_coroutine=is_coroutine
  File "/home/harsh/PycharmProjects/fastapi/venv/lib/python3.6/site-packages/fastapi/routing.py", line 161, in run_endpoint_function
    return await run_in_threadpool(dependant.call, **values)
  File "/home/harsh/PycharmProjects/fastapi/venv/lib/python3.6/site-packages/starlette/concurrency.py", line 39, in run_in_threadpool
    return await anyio.to_thread.run_sync(func, *args)
  File "/home/harsh/PycharmProjects/fastapi/venv/lib/python3.6/site-packages/anyio/to_thread.py", line 29, in run_sync
    limiter=limiter)
  File "/home/harsh/PycharmProjects/fastapi/venv/lib/python3.6/site-packages/anyio/_backends/_asyncio.py", line 818, in run_sync_in_worker_thread
    return await future
  File "/home/harsh/PycharmProjects/fastapi/venv/lib/python3.6/site-packages/anyio/_backends/_asyncio.py", line 754, in run
    result = context.run(func, *args)
  File "/home/harsh/PycharmProjects/fastapi/venv/lib/python3.6/site-packages/contextvars/__init__.py", line 38, in run
    return callable(*args, **kwargs)
  File "/home/harsh/PycharmProjects/fastapi/venv/lib/python3.6/site-packages/contextvars/__init__.py", line 38, in run
    return callable(*args, **kwargs)
  File "./app.py", line 50, in create_book_csv
    mysql_util.read_csv_and_insert_to_db(df, "books")
  File "./mysql_util.py", line 99, in read_csv_and_insert_to_db
    self.execute_query(query, row_value)
  File "./mysql_util.py", line 35, in execute_query
    raise e
  File "./mysql_util.py", line 30, in execute_query
    self.cursor.execute(query, values)
  File "/home/harsh/PycharmProjects/fastapi/venv/lib/python3.6/site-packages/mysql/connector/cursor_cext.py", line 272, in execute
    raw_as_string=self._raw_as_string)
  File "/home/harsh/PycharmProjects/fastapi/venv/lib/python3.6/site-packages/mysql/connector/connection_cext.py", line 523, in cmd_query
    sqlstate=exc.sqlstate)
mysql.connector.errors.DatabaseError: 1366 (HY000): Incorrect integer value: 'NULL' for column 'quantity' at row 1
30/11/2021 09:36:30 AM Shutting down
30/11/2021 09:36:30 AM Waiting for application shutdown.
30/11/2021 09:36:30 AM Application shutdown complete.
30/11/2021 09:36:30 AM Finished server process [17057]
30/11/2021 09:36:31 AM Database connection successful!
30/11/2021 09:36:31 AM Started server process [17120]
30/11/2021 09:36:31 AM Waiting for application startup.
30/11/2021 09:36:31 AM Application startup complete.
30/11/2021 09:36:45 AM Shutting down
30/11/2021 09:36:45 AM Waiting for application shutdown.
30/11/2021 09:36:45 AM Application shutdown complete.
30/11/2021 09:36:45 AM Finished server process [17120]
30/11/2021 09:36:46 AM Database connection successful!
30/11/2021 09:36:46 AM Started server process [17138]
30/11/2021 09:36:46 AM Waiting for application startup.
30/11/2021 09:36:46 AM Application startup complete.
30/11/2021 09:37:27 AM Shutting down
30/11/2021 09:37:28 AM Waiting for application shutdown.
30/11/2021 09:37:28 AM Application shutdown complete.
30/11/2021 09:37:28 AM Finished server process [17138]
30/11/2021 09:37:28 AM Database connection successful!
30/11/2021 09:37:28 AM Started server process [17166]
30/11/2021 09:37:28 AM Waiting for application startup.
30/11/2021 09:37:28 AM Application startup complete.
30/11/2021 09:38:11 AM Shutting down
30/11/2021 09:38:11 AM Waiting for application shutdown.
30/11/2021 09:38:11 AM Application shutdown complete.
30/11/2021 09:38:11 AM Finished server process [17166]
30/11/2021 09:38:12 AM Database connection successful!
30/11/2021 09:38:12 AM Started server process [17204]
30/11/2021 09:38:12 AM Waiting for application startup.
30/11/2021 09:38:12 AM Application startup complete.
30/11/2021 09:38:38 AM Shutting down
30/11/2021 09:38:38 AM Waiting for application shutdown.
30/11/2021 09:38:38 AM Application shutdown complete.
30/11/2021 09:38:38 AM Finished server process [17204]
30/11/2021 09:38:49 AM Database connection successful!
30/11/2021 09:38:49 AM Started server process [17230]
30/11/2021 09:38:49 AM Waiting for application startup.
30/11/2021 09:38:49 AM Application startup complete.
30/11/2021 09:39:51 AM Calling on_part_begin with no data
30/11/2021 09:39:51 AM Calling on_header_field with data[42:61]
30/11/2021 09:39:51 AM Calling on_header_value with data[63:106]
30/11/2021 09:39:51 AM Calling on_header_end with no data
30/11/2021 09:39:51 AM Calling on_header_field with data[108:120]
30/11/2021 09:39:51 AM Calling on_header_value with data[122:130]
30/11/2021 09:39:51 AM Calling on_header_end with no data
30/11/2021 09:39:51 AM Calling on_headers_finished with no data
30/11/2021 09:39:51 AM Calling on_part_data with data[134:32768]
30/11/2021 09:39:51 AM Calling on_part_data with data[0:6040]
30/11/2021 09:39:51 AM Calling on_part_end with no data
30/11/2021 09:39:51 AM Calling on_end with no data
30/11/2021 09:39:51 AM None
30/11/2021 09:49:03 AM Shutting down
30/11/2021 09:49:03 AM Waiting for application shutdown.
30/11/2021 09:49:03 AM Application shutdown complete.
30/11/2021 09:49:03 AM Finished server process [17230]
30/11/2021 09:49:04 AM Database connection successful!
30/11/2021 09:49:04 AM Started server process [17697]
30/11/2021 09:49:04 AM Waiting for application startup.
30/11/2021 09:49:04 AM Application startup complete.
01/12/2021 01:32:14 AM Shutting down
01/12/2021 01:32:14 AM Waiting for application shutdown.
01/12/2021 01:32:14 AM Application shutdown complete.
01/12/2021 01:32:14 AM Finished server process [17697]
01/12/2021 01:32:15 AM Database connection successful!
01/12/2021 01:32:15 AM Started server process [5516]
01/12/2021 01:32:15 AM Waiting for application startup.
01/12/2021 01:32:15 AM Application startup complete.
01/12/2021 01:38:41 AM Shutting down
01/12/2021 01:38:42 AM Waiting for application shutdown.
01/12/2021 01:38:42 AM Application shutdown complete.
01/12/2021 01:38:42 AM Finished server process [5516]
01/12/2021 02:01:48 AM Database connection successful!
01/12/2021 02:01:48 AM Started server process [6515]
01/12/2021 02:01:48 AM Waiting for application startup.
01/12/2021 02:01:48 AM Application startup complete.
01/12/2021 02:03:05 AM Shutting down
01/12/2021 02:03:05 AM Waiting for application shutdown.
01/12/2021 02:03:05 AM Application shutdown complete.
01/12/2021 02:03:05 AM Finished server process [6515]
01/12/2021 02:03:06 AM Database connection successful!
01/12/2021 02:03:06 AM Started server process [6558]
01/12/2021 02:03:06 AM Waiting for application startup.
01/12/2021 02:03:06 AM Application startup complete.
01/12/2021 02:05:54 AM Shutting down
01/12/2021 02:05:54 AM Waiting for application shutdown.
01/12/2021 02:05:54 AM Application shutdown complete.
01/12/2021 02:05:54 AM Finished server process [6558]
01/12/2021 02:05:55 AM Database connection successful!
01/12/2021 02:05:55 AM Started server process [6663]
01/12/2021 02:05:55 AM Waiting for application startup.
01/12/2021 02:05:55 AM Application startup complete.
01/12/2021 02:06:01 AM Shutting down
01/12/2021 02:06:01 AM Waiting for application shutdown.
01/12/2021 02:06:01 AM Application shutdown complete.
01/12/2021 02:06:01 AM Finished server process [6663]
01/12/2021 02:06:02 AM Database connection successful!
01/12/2021 02:06:02 AM Started server process [6681]
01/12/2021 02:06:02 AM Waiting for application startup.
01/12/2021 02:06:02 AM Application startup complete.
01/12/2021 02:06:36 AM Shutting down
01/12/2021 02:06:36 AM Waiting for application shutdown.
01/12/2021 02:06:36 AM Application shutdown complete.
01/12/2021 02:06:36 AM Finished server process [6681]
01/12/2021 02:06:37 AM Database connection successful!
01/12/2021 02:06:37 AM Started server process [6724]
01/12/2021 02:06:37 AM Waiting for application startup.
01/12/2021 02:06:37 AM Application startup complete.
01/12/2021 02:06:52 AM Shutting down
01/12/2021 02:06:52 AM Waiting for application shutdown.
01/12/2021 02:06:52 AM Application shutdown complete.
01/12/2021 02:06:52 AM Finished server process [6724]
01/12/2021 02:06:53 AM Database connection successful!
01/12/2021 02:06:53 AM Started server process [6741]
01/12/2021 02:06:53 AM Waiting for application startup.
01/12/2021 02:06:53 AM Application startup complete.
01/12/2021 02:07:29 AM Calling on_part_begin with no data
01/12/2021 02:07:29 AM Calling on_header_field with data[42:61]
01/12/2021 02:07:29 AM Calling on_header_value with data[63:116]
01/12/2021 02:07:29 AM Calling on_header_end with no data
01/12/2021 02:07:29 AM Calling on_header_field with data[118:130]
01/12/2021 02:07:29 AM Calling on_header_value with data[132:140]
01/12/2021 02:07:29 AM Calling on_header_end with no data
01/12/2021 02:07:29 AM Calling on_headers_finished with no data
01/12/2021 02:07:29 AM Calling on_part_data with data[144:193]
01/12/2021 02:07:29 AM Calling on_part_end with no data
01/12/2021 02:07:29 AM Calling on_end with no data
01/12/2021 02:07:51 AM Calling on_part_begin with no data
01/12/2021 02:07:51 AM Calling on_header_field with data[42:61]
01/12/2021 02:07:51 AM Calling on_header_value with data[63:106]
01/12/2021 02:07:51 AM Calling on_header_end with no data
01/12/2021 02:07:51 AM Calling on_header_field with data[108:120]
01/12/2021 02:07:51 AM Calling on_header_value with data[122:130]
01/12/2021 02:07:51 AM Calling on_header_end with no data
01/12/2021 02:07:51 AM Calling on_headers_finished with no data
01/12/2021 02:07:51 AM Calling on_part_data with data[134:38808]
01/12/2021 02:07:51 AM Calling on_part_end with no data
01/12/2021 02:07:51 AM Calling on_end with no data
01/12/2021 02:07:51 AM None
01/12/2021 02:08:35 AM Shutting down
01/12/2021 02:08:35 AM Waiting for application shutdown.
01/12/2021 02:08:35 AM Application shutdown complete.
01/12/2021 02:08:35 AM Finished server process [6741]
01/12/2021 02:08:36 AM Database connection successful!
01/12/2021 02:08:36 AM Started server process [6835]
01/12/2021 02:08:36 AM Waiting for application startup.
01/12/2021 02:08:36 AM Application startup complete.
01/12/2021 02:08:44 AM Shutting down
01/12/2021 02:08:45 AM Waiting for application shutdown.
01/12/2021 02:08:45 AM Application shutdown complete.
01/12/2021 02:08:45 AM Finished server process [6835]
01/12/2021 02:08:46 AM Database connection successful!
01/12/2021 02:08:46 AM Started server process [6849]
01/12/2021 02:08:46 AM Waiting for application startup.
01/12/2021 02:08:46 AM Application startup complete.
01/12/2021 08:04:09 AM Calling on_part_begin with no data
01/12/2021 08:04:09 AM Calling on_header_field with data[42:61]
01/12/2021 08:04:09 AM Calling on_header_value with data[63:106]
01/12/2021 08:04:09 AM Calling on_header_end with no data
01/12/2021 08:04:09 AM Calling on_header_field with data[108:120]
01/12/2021 08:04:09 AM Calling on_header_value with data[122:130]
01/12/2021 08:04:09 AM Calling on_header_end with no data
01/12/2021 08:04:09 AM Calling on_headers_finished with no data
01/12/2021 08:04:09 AM Calling on_part_data with data[134:38808]
01/12/2021 08:04:09 AM Calling on_part_end with no data
01/12/2021 08:04:09 AM Calling on_end with no data
01/12/2021 08:04:09 AM None
01/12/2021 08:04:36 AM Calling on_part_begin with no data
01/12/2021 08:04:36 AM Calling on_header_field with data[42:61]
01/12/2021 08:04:36 AM Calling on_header_value with data[63:116]
01/12/2021 08:04:36 AM Calling on_header_end with no data
01/12/2021 08:04:36 AM Calling on_header_field with data[118:130]
01/12/2021 08:04:36 AM Calling on_header_value with data[132:140]
01/12/2021 08:04:36 AM Calling on_header_end with no data
01/12/2021 08:04:36 AM Calling on_headers_finished with no data
01/12/2021 08:04:36 AM Calling on_part_data with data[144:193]
01/12/2021 08:04:36 AM Calling on_part_end with no data
01/12/2021 08:04:36 AM Calling on_end with no data
01/12/2021 08:04:37 AM Calling on_part_begin with no data
01/12/2021 08:04:37 AM Calling on_header_field with data[42:61]
01/12/2021 08:04:37 AM Calling on_header_value with data[63:116]
01/12/2021 08:04:37 AM Calling on_header_end with no data
01/12/2021 08:04:37 AM Calling on_header_field with data[118:130]
01/12/2021 08:04:37 AM Calling on_header_value with data[132:140]
01/12/2021 08:04:37 AM Calling on_header_end with no data
01/12/2021 08:04:37 AM Calling on_headers_finished with no data
01/12/2021 08:04:37 AM Calling on_part_data with data[144:193]
01/12/2021 08:04:37 AM Calling on_part_end with no data
01/12/2021 08:04:37 AM Calling on_end with no data
01/12/2021 08:05:13 AM Calling on_part_begin with no data
01/12/2021 08:05:13 AM Calling on_header_field with data[42:61]
01/12/2021 08:05:13 AM Calling on_header_value with data[63:114]
01/12/2021 08:05:13 AM Calling on_header_end with no data
01/12/2021 08:05:13 AM Calling on_header_field with data[116:128]
01/12/2021 08:05:13 AM Calling on_header_value with data[130:140]
01/12/2021 08:05:13 AM Calling on_header_end with no data
01/12/2021 08:05:13 AM Calling on_headers_finished with no data
01/12/2021 08:05:13 AM Calling on_part_data with data[144:345]
01/12/2021 08:05:13 AM Calling on_part_end with no data
01/12/2021 08:05:13 AM Calling on_end with no data
01/12/2021 08:05:51 AM Shutting down
01/12/2021 08:05:51 AM Waiting for application shutdown.
01/12/2021 08:05:51 AM Application shutdown complete.
01/12/2021 08:05:51 AM Finished server process [6849]
01/12/2021 08:05:52 AM Database connection successful!
01/12/2021 08:05:52 AM Started server process [8168]
01/12/2021 08:05:52 AM Waiting for application startup.
01/12/2021 08:05:52 AM Application startup complete.
01/12/2021 08:08:57 AM Shutting down
01/12/2021 08:08:58 AM Waiting for application shutdown.
01/12/2021 08:08:58 AM Application shutdown complete.
01/12/2021 08:08:58 AM Finished server process [8168]
01/12/2021 08:08:59 AM Database connection successful!
01/12/2021 08:08:59 AM Started server process [8343]
01/12/2021 08:08:59 AM Waiting for application startup.
01/12/2021 08:08:59 AM Application startup complete.
01/12/2021 08:09:46 AM Shutting down
01/12/2021 08:09:46 AM Waiting for application shutdown.
01/12/2021 08:09:46 AM Application shutdown complete.
01/12/2021 08:09:46 AM Finished server process [8343]
01/12/2021 08:09:47 AM Database connection successful!
01/12/2021 08:09:47 AM Started server process [8377]
01/12/2021 08:09:47 AM Waiting for application startup.
01/12/2021 08:09:47 AM Application startup complete.
01/12/2021 08:09:59 AM Shutting down
01/12/2021 08:09:59 AM Waiting for application shutdown.
01/12/2021 08:09:59 AM Application shutdown complete.
01/12/2021 08:09:59 AM Finished server process [8377]
01/12/2021 08:10:00 AM Database connection successful!
01/12/2021 08:10:00 AM Started server process [8403]
01/12/2021 08:10:00 AM Waiting for application startup.
01/12/2021 08:10:00 AM Application startup complete.
01/12/2021 08:11:11 AM Shutting down
01/12/2021 08:11:11 AM Waiting for application shutdown.
01/12/2021 08:11:11 AM Application shutdown complete.
01/12/2021 08:11:11 AM Finished server process [8403]
01/12/2021 08:11:12 AM Database connection successful!
01/12/2021 08:11:12 AM Started server process [8488]
01/12/2021 08:11:12 AM Waiting for application startup.
01/12/2021 08:11:12 AM Application startup complete.
01/12/2021 08:11:18 AM Shutting down
01/12/2021 08:11:18 AM Waiting for application shutdown.
01/12/2021 08:11:18 AM Application shutdown complete.
01/12/2021 08:11:18 AM Finished server process [8488]
01/12/2021 08:11:19 AM Database connection successful!
01/12/2021 08:11:19 AM Started server process [8509]
01/12/2021 08:11:19 AM Waiting for application startup.
01/12/2021 08:11:19 AM Application startup complete.
01/12/2021 08:14:44 AM Shutting down
01/12/2021 08:14:44 AM Waiting for application shutdown.
01/12/2021 08:14:44 AM Application shutdown complete.
01/12/2021 08:14:44 AM Finished server process [8509]
01/12/2021 08:14:46 AM Database connection successful!
01/12/2021 08:14:46 AM Started server process [8679]
01/12/2021 08:14:46 AM Waiting for application startup.
01/12/2021 08:14:46 AM Application startup complete.
01/12/2021 08:15:11 AM Shutting down
01/12/2021 08:15:11 AM Waiting for application shutdown.
01/12/2021 08:15:11 AM Application shutdown complete.
01/12/2021 08:15:11 AM Finished server process [8679]
01/12/2021 08:15:12 AM Database connection successful!
01/12/2021 08:15:12 AM Started server process [8716]
01/12/2021 08:15:12 AM Waiting for application startup.
01/12/2021 08:15:12 AM Application startup complete.
01/12/2021 08:22:05 AM Shutting down
01/12/2021 08:22:05 AM Waiting for application shutdown.
01/12/2021 08:22:05 AM Application shutdown complete.
01/12/2021 08:22:05 AM Finished server process [8716]
01/12/2021 08:22:06 AM Database connection successful!
01/12/2021 08:22:06 AM Started server process [9053]
01/12/2021 08:22:06 AM Waiting for application startup.
01/12/2021 08:22:06 AM Application startup complete.
01/12/2021 08:22:43 AM Calling on_part_begin with no data
01/12/2021 08:22:43 AM Calling on_header_field with data[42:61]
01/12/2021 08:22:43 AM Calling on_header_value with data[63:117]
01/12/2021 08:22:43 AM Calling on_header_end with no data
01/12/2021 08:22:43 AM Calling on_header_field with data[119:131]
01/12/2021 08:22:43 AM Calling on_header_value with data[133:146]
01/12/2021 08:22:43 AM Calling on_header_end with no data
01/12/2021 08:22:43 AM Calling on_headers_finished with no data
01/12/2021 08:22:43 AM Calling on_part_data with data[150:704]
01/12/2021 08:22:43 AM Calling on_part_end with no data
01/12/2021 08:22:43 AM Calling on_end with no data
01/12/2021 08:22:53 AM Calling on_part_begin with no data
01/12/2021 08:22:53 AM Calling on_header_field with data[42:61]
01/12/2021 08:22:53 AM Calling on_header_value with data[63:116]
01/12/2021 08:22:53 AM Calling on_header_end with no data
01/12/2021 08:22:53 AM Calling on_header_field with data[118:130]
01/12/2021 08:22:53 AM Calling on_header_value with data[132:140]
01/12/2021 08:22:53 AM Calling on_header_end with no data
01/12/2021 08:22:53 AM Calling on_headers_finished with no data
01/12/2021 08:22:53 AM Calling on_part_data with data[144:193]
01/12/2021 08:22:53 AM Calling on_part_end with no data
01/12/2021 08:22:53 AM Calling on_end with no data
01/12/2021 08:25:49 AM Shutting down
01/12/2021 08:25:49 AM Waiting for application shutdown.
01/12/2021 08:25:49 AM Application shutdown complete.
01/12/2021 08:25:49 AM Finished server process [9053]
01/12/2021 08:25:50 AM Database connection successful!
01/12/2021 08:25:50 AM Started server process [9264]
01/12/2021 08:25:50 AM Waiting for application startup.
01/12/2021 08:25:50 AM Application startup complete.
01/12/2021 08:26:16 AM Shutting down
01/12/2021 08:26:17 AM Waiting for application shutdown.
01/12/2021 08:26:17 AM Application shutdown complete.
01/12/2021 08:26:17 AM Finished server process [9264]
01/12/2021 08:26:18 AM Database connection successful!
01/12/2021 08:26:18 AM Started server process [9310]
01/12/2021 08:26:18 AM Waiting for application startup.
01/12/2021 08:26:18 AM Application startup complete.
01/12/2021 08:33:55 AM Shutting down
01/12/2021 08:33:55 AM Waiting for application shutdown.
01/12/2021 08:33:55 AM Application shutdown complete.
01/12/2021 08:33:55 AM Finished server process [9310]
01/12/2021 08:33:55 AM Database connection successful!
01/12/2021 08:33:55 AM Started server process [9810]
01/12/2021 08:33:55 AM Waiting for application startup.
01/12/2021 08:33:55 AM Application startup complete.
01/12/2021 08:35:42 AM Shutting down
01/12/2021 08:35:42 AM Waiting for application shutdown.
01/12/2021 08:35:42 AM Application shutdown complete.
01/12/2021 08:35:42 AM Finished server process [9810]
01/12/2021 08:35:43 AM Database connection successful!
01/12/2021 08:35:43 AM Started server process [9889]
01/12/2021 08:35:43 AM Waiting for application startup.
01/12/2021 08:35:43 AM Application startup complete.
01/12/2021 08:36:31 AM Shutting down
01/12/2021 08:36:31 AM Waiting for application shutdown.
01/12/2021 08:36:31 AM Application shutdown complete.
01/12/2021 08:36:31 AM Finished server process [9889]
01/12/2021 08:36:31 AM Database connection successful!
01/12/2021 08:36:31 AM Started server process [9936]
01/12/2021 08:36:31 AM Waiting for application startup.
01/12/2021 08:36:31 AM Application startup complete.
01/12/2021 08:36:49 AM Shutting down
01/12/2021 08:36:49 AM Waiting for application shutdown.
01/12/2021 08:36:49 AM Application shutdown complete.
01/12/2021 08:36:49 AM Finished server process [9936]
01/12/2021 08:36:50 AM Database connection successful!
01/12/2021 08:36:50 AM Started server process [9956]
01/12/2021 08:36:50 AM Waiting for application startup.
01/12/2021 08:36:50 AM Application startup complete.
01/12/2021 08:38:21 AM Shutting down
01/12/2021 08:38:21 AM Waiting for application shutdown.
01/12/2021 08:38:21 AM Application shutdown complete.
01/12/2021 08:38:21 AM Finished server process [9956]
01/12/2021 08:38:22 AM Database connection successful!
01/12/2021 08:38:22 AM Started server process [10111]
01/12/2021 08:38:22 AM Waiting for application startup.
01/12/2021 08:38:22 AM Application startup complete.
01/12/2021 08:39:27 AM Shutting down
01/12/2021 08:39:27 AM Waiting for application shutdown.
01/12/2021 08:39:27 AM Application shutdown complete.
01/12/2021 08:39:27 AM Finished server process [10111]
01/12/2021 08:39:28 AM Database connection successful!
01/12/2021 08:39:28 AM Started server process [10181]
01/12/2021 08:39:28 AM Waiting for application startup.
01/12/2021 08:39:28 AM Application startup complete.
01/12/2021 08:39:34 AM Shutting down
01/12/2021 08:39:34 AM Waiting for application shutdown.
01/12/2021 08:39:34 AM Application shutdown complete.
01/12/2021 08:39:34 AM Finished server process [10181]
01/12/2021 08:39:34 AM Database connection successful!
01/12/2021 08:39:34 AM Started server process [10197]
01/12/2021 08:39:34 AM Waiting for application startup.
01/12/2021 08:39:34 AM Application startup complete.
03/12/2021 08:17:08 AM Database connection successful!
03/12/2021 08:17:08 AM Started server process [21805]
03/12/2021 08:17:08 AM Waiting for application startup.
03/12/2021 08:17:08 AM Application startup complete.
03/12/2021 08:26:25 AM Shutting down
03/12/2021 08:26:25 AM Waiting for application shutdown.
03/12/2021 08:26:25 AM Application shutdown complete.
03/12/2021 08:26:25 AM Finished server process [21805]
03/12/2021 08:26:25 AM Database connection successful!
03/12/2021 08:26:25 AM Started server process [22437]
03/12/2021 08:26:25 AM Waiting for application startup.
03/12/2021 08:26:25 AM Application startup complete.
03/12/2021 08:28:29 AM Shutting down
03/12/2021 08:28:29 AM Waiting for application shutdown.
03/12/2021 08:28:29 AM Application shutdown complete.
03/12/2021 08:28:29 AM Finished server process [22437]
03/12/2021 08:28:30 AM Database connection successful!
03/12/2021 08:28:30 AM Started server process [22547]
03/12/2021 08:28:30 AM Waiting for application startup.
03/12/2021 08:28:30 AM Application startup complete.
03/12/2021 08:28:49 AM Shutting down
03/12/2021 08:28:49 AM Waiting for application shutdown.
03/12/2021 08:28:49 AM Application shutdown complete.
03/12/2021 08:28:49 AM Finished server process [22547]
03/12/2021 08:28:50 AM Database connection successful!
03/12/2021 08:28:50 AM Started server process [22578]
03/12/2021 08:28:50 AM Waiting for application startup.
03/12/2021 08:28:50 AM Application startup complete.
03/12/2021 08:33:14 AM Shutting down
03/12/2021 08:33:14 AM Waiting for application shutdown.
03/12/2021 08:33:14 AM Application shutdown complete.
03/12/2021 08:33:14 AM Finished server process [22578]
03/12/2021 08:33:15 AM Database connection successful!
03/12/2021 08:33:15 AM Started server process [22819]
03/12/2021 08:33:15 AM Waiting for application startup.
03/12/2021 08:33:15 AM Application startup complete.
